[2019-04-14T15:12:59.892-0100][gc,heap] Heap region size: 1M
[2019-04-14T15:12:59.916-0100][gc     ] Using G1
[2019-04-14T15:12:59.916-0100][gc,heap,coops] Heap address: 0x00000007c0000000, size: 1024 MB, Compressed Oops mode: Zero based, Oop shift amount: 3
[2019-04-14T15:13:03.014-0100][gc,start     ] GC(0) Pause Young (Concurrent Start) (Metadata GC Threshold)
[2019-04-14T15:13:03.015-0100][gc,task      ] GC(0) Using 4 workers of 4 for evacuation
[2019-04-14T15:13:03.037-0100][gc,mmu       ] GC(0) MMU target violated: 21,0ms (20,0ms/21,0ms)
[2019-04-14T15:13:03.037-0100][gc,phases    ] GC(0)   Pre Evacuate Collection Set: 0,0ms
[2019-04-14T15:13:03.038-0100][gc,phases    ] GC(0)   Evacuate Collection Set: 19,6ms
[2019-04-14T15:13:03.038-0100][gc,phases    ] GC(0)   Post Evacuate Collection Set: 0,6ms
[2019-04-14T15:13:03.038-0100][gc,phases    ] GC(0)   Other: 3,4ms
[2019-04-14T15:13:03.038-0100][gc,heap      ] GC(0) Eden regions: 42->0(45)
[2019-04-14T15:13:03.038-0100][gc,heap      ] GC(0) Survivor regions: 0->6(7)
[2019-04-14T15:13:03.038-0100][gc,heap      ] GC(0) Old regions: 0->0
[2019-04-14T15:13:03.038-0100][gc,heap      ] GC(0) Humongous regions: 1->1
[2019-04-14T15:13:03.038-0100][gc,metaspace ] GC(0) Metaspace: 20548K->20548K(1069056K)
[2019-04-14T15:13:03.038-0100][gc           ] GC(0) Pause Young (Concurrent Start) (Metadata GC Threshold) 43M->6M(1024M) 23,829ms
[2019-04-14T15:13:03.038-0100][gc,cpu       ] GC(0) User=0,03s Sys=0,02s Real=0,02s
[2019-04-14T15:13:03.038-0100][gc           ] GC(1) Concurrent Cycle
[2019-04-14T15:13:03.038-0100][gc,marking   ] GC(1) Concurrent Clear Claimed Marks
[2019-04-14T15:13:03.038-0100][gc,marking   ] GC(1) Concurrent Clear Claimed Marks 0,028ms
[2019-04-14T15:13:03.038-0100][gc,marking   ] GC(1) Concurrent Scan Root Regions
[2019-04-14T15:13:03.043-0100][gc,marking   ] GC(1) Concurrent Scan Root Regions 5,360ms
[2019-04-14T15:13:03.043-0100][gc,marking   ] GC(1) Concurrent Mark (3,169s)
[2019-04-14T15:13:03.043-0100][gc,marking   ] GC(1) Concurrent Mark From Roots
[2019-04-14T15:13:03.043-0100][gc,task      ] GC(1) Using 1 workers of 1 for marking
[2019-04-14T15:13:03.044-0100][gc,marking   ] GC(1) Concurrent Mark From Roots 0,199ms
[2019-04-14T15:13:03.044-0100][gc,marking   ] GC(1) Concurrent Preclean
[2019-04-14T15:13:03.044-0100][gc,marking   ] GC(1) Concurrent Preclean 0,035ms
[2019-04-14T15:13:03.044-0100][gc,marking   ] GC(1) Concurrent Mark (3,169s, 3,170s) 0,298ms
[2019-04-14T15:13:03.044-0100][gc,start     ] GC(1) Pause Remark
[2019-04-14T15:13:03.047-0100][gc,stringtable] GC(1) Cleaned string and symbol table, strings: 7931 processed, 0 removed, symbols: 64902 processed, 38 removed
[2019-04-14T15:13:03.047-0100][gc            ] GC(1) Pause Remark 7M->7M(1024M) 3,211ms
[2019-04-14T15:13:03.047-0100][gc,cpu        ] GC(1) User=0,01s Sys=0,00s Real=0,00s
[2019-04-14T15:13:03.047-0100][gc,marking    ] GC(1) Concurrent Rebuild Remembered Sets
[2019-04-14T15:13:03.047-0100][gc,marking    ] GC(1) Concurrent Rebuild Remembered Sets 0,138ms
[2019-04-14T15:13:03.047-0100][gc,start      ] GC(1) Pause Cleanup
[2019-04-14T15:13:03.048-0100][gc            ] GC(1) Pause Cleanup 7M->7M(1024M) 0,245ms
[2019-04-14T15:13:03.048-0100][gc,cpu        ] GC(1) User=0,00s Sys=0,00s Real=0,00s
[2019-04-14T15:13:03.048-0100][gc,marking    ] GC(1) Concurrent Cleanup for Next Mark
[2019-04-14T15:13:03.061-0100][gc,marking    ] GC(1) Concurrent Cleanup for Next Mark 13,512ms
[2019-04-14T15:13:03.061-0100][gc            ] GC(1) Concurrent Cycle 23,606ms
[2019-04-14T15:13:04.635-0100][gc,start      ] GC(2) Pause Young (Normal) (G1 Evacuation Pause)
[2019-04-14T15:13:04.635-0100][gc,task       ] GC(2) Using 4 workers of 4 for evacuation
[2019-04-14T15:13:04.660-0100][gc,mmu        ] GC(2) MMU target violated: 21,0ms (20,0ms/21,0ms)
[2019-04-14T15:13:04.660-0100][gc,phases     ] GC(2)   Pre Evacuate Collection Set: 0,0ms
[2019-04-14T15:13:04.660-0100][gc,phases     ] GC(2)   Evacuate Collection Set: 23,8ms
[2019-04-14T15:13:04.660-0100][gc,phases     ] GC(2)   Post Evacuate Collection Set: 0,7ms
[2019-04-14T15:13:04.660-0100][gc,phases     ] GC(2)   Other: 0,3ms
[2019-04-14T15:13:04.660-0100][gc,heap       ] GC(2) Eden regions: 45->0(48)
[2019-04-14T15:13:04.660-0100][gc,heap       ] GC(2) Survivor regions: 6->3(7)
[2019-04-14T15:13:04.660-0100][gc,heap       ] GC(2) Old regions: 0->6
[2019-04-14T15:13:04.660-0100][gc,heap       ] GC(2) Humongous regions: 130->130
[2019-04-14T15:13:04.660-0100][gc,metaspace  ] GC(2) Metaspace: 29922K->29922K(1077248K)
[2019-04-14T15:13:04.660-0100][gc            ] GC(2) Pause Young (Normal) (G1 Evacuation Pause) 180M->138M(1024M) 25,025ms
[2019-04-14T15:13:04.660-0100][gc,cpu        ] GC(2) User=0,06s Sys=0,01s Real=0,03s
[2019-04-14T15:14:53.792-0100][gc,heap,exit  ] Heap
[2019-04-14T15:14:53.793-0100][gc,heap,exit  ]  garbage-first heap   total 1048576K, used 162583K [0x00000007c0000000, 0x0000000800000000)
[2019-04-14T15:14:53.793-0100][gc,heap,exit  ]   region size 1024K, 24 young (24576K), 3 survivors (3072K)
[2019-04-14T15:14:53.793-0100][gc,heap,exit  ]  Metaspace       used 32647K, capacity 33150K, committed 33712K, reserved 1079296K
[2019-04-14T15:14:53.793-0100][gc,heap,exit  ]   class space    used 4106K, capacity 4293K, committed 4352K, reserved 1048576K
