[2019-04-14T15:02:55.772-0100][gc,heap] Heap region size: 1M
[2019-04-14T15:02:55.796-0100][gc     ] Using G1
[2019-04-14T15:02:55.796-0100][gc,heap,coops] Heap address: 0x00000007c0000000, size: 1024 MB, Compressed Oops mode: Zero based, Oop shift amount: 3
[2019-04-14T15:02:59.229-0100][gc,start     ] GC(0) Pause Young (Concurrent Start) (Metadata GC Threshold)
[2019-04-14T15:02:59.231-0100][gc,task      ] GC(0) Using 4 workers of 4 for evacuation
[2019-04-14T15:02:59.248-0100][gc,phases    ] GC(0)   Pre Evacuate Collection Set: 0,2ms
[2019-04-14T15:02:59.248-0100][gc,phases    ] GC(0)   Evacuate Collection Set: 13,8ms
[2019-04-14T15:02:59.248-0100][gc,phases    ] GC(0)   Post Evacuate Collection Set: 0,6ms
[2019-04-14T15:02:59.248-0100][gc,phases    ] GC(0)   Other: 4,3ms
[2019-04-14T15:02:59.248-0100][gc,heap      ] GC(0) Eden regions: 42->0(45)
[2019-04-14T15:02:59.249-0100][gc,heap      ] GC(0) Survivor regions: 0->6(7)
[2019-04-14T15:02:59.249-0100][gc,heap      ] GC(0) Old regions: 0->0
[2019-04-14T15:02:59.249-0100][gc,heap      ] GC(0) Humongous regions: 1->1
[2019-04-14T15:02:59.249-0100][gc,metaspace ] GC(0) Metaspace: 20597K->20597K(1069056K)
[2019-04-14T15:02:59.249-0100][gc           ] GC(0) Pause Young (Concurrent Start) (Metadata GC Threshold) 42M->6M(1024M) 19,085ms
[2019-04-14T15:02:59.249-0100][gc,cpu       ] GC(0) User=0,03s Sys=0,01s Real=0,02s
[2019-04-14T15:02:59.249-0100][gc           ] GC(1) Concurrent Cycle
[2019-04-14T15:02:59.249-0100][gc,marking   ] GC(1) Concurrent Clear Claimed Marks
[2019-04-14T15:02:59.249-0100][gc,marking   ] GC(1) Concurrent Clear Claimed Marks 0,036ms
[2019-04-14T15:02:59.249-0100][gc,marking   ] GC(1) Concurrent Scan Root Regions
[2019-04-14T15:02:59.254-0100][gc,marking   ] GC(1) Concurrent Scan Root Regions 5,024ms
[2019-04-14T15:02:59.254-0100][gc,marking   ] GC(1) Concurrent Mark (3,501s)
[2019-04-14T15:02:59.254-0100][gc,marking   ] GC(1) Concurrent Mark From Roots
[2019-04-14T15:02:59.254-0100][gc,task      ] GC(1) Using 1 workers of 1 for marking
[2019-04-14T15:02:59.254-0100][gc,marking   ] GC(1) Concurrent Mark From Roots 0,247ms
[2019-04-14T15:02:59.254-0100][gc,marking   ] GC(1) Concurrent Preclean
[2019-04-14T15:02:59.254-0100][gc,marking   ] GC(1) Concurrent Preclean 0,034ms
[2019-04-14T15:02:59.254-0100][gc,marking   ] GC(1) Concurrent Mark (3,501s, 3,501s) 0,344ms
[2019-04-14T15:02:59.254-0100][gc,start     ] GC(1) Pause Remark
[2019-04-14T15:02:59.257-0100][gc,stringtable] GC(1) Cleaned string and symbol table, strings: 7929 processed, 0 removed, symbols: 64942 processed, 38 removed
[2019-04-14T15:02:59.257-0100][gc            ] GC(1) Pause Remark 7M->7M(1024M) 2,642ms
[2019-04-14T15:02:59.257-0100][gc,cpu        ] GC(1) User=0,00s Sys=0,00s Real=0,00s
[2019-04-14T15:02:59.257-0100][gc,marking    ] GC(1) Concurrent Rebuild Remembered Sets
[2019-04-14T15:02:59.257-0100][gc,marking    ] GC(1) Concurrent Rebuild Remembered Sets 0,133ms
[2019-04-14T15:02:59.257-0100][gc,start      ] GC(1) Pause Cleanup
[2019-04-14T15:02:59.258-0100][gc            ] GC(1) Pause Cleanup 7M->7M(1024M) 0,220ms
[2019-04-14T15:02:59.258-0100][gc,cpu        ] GC(1) User=0,00s Sys=0,00s Real=0,00s
[2019-04-14T15:02:59.258-0100][gc,marking    ] GC(1) Concurrent Cleanup for Next Mark
[2019-04-14T15:02:59.271-0100][gc,marking    ] GC(1) Concurrent Cleanup for Next Mark 13,600ms
[2019-04-14T15:02:59.271-0100][gc            ] GC(1) Concurrent Cycle 22,694ms
[2019-04-14T15:03:01.244-0100][gc,start      ] GC(2) Pause Young (Normal) (G1 Evacuation Pause)
[2019-04-14T15:03:01.244-0100][gc,task       ] GC(2) Using 4 workers of 4 for evacuation
[2019-04-14T15:03:01.273-0100][gc,mmu        ] GC(2) MMU target violated: 21,0ms (20,0ms/21,0ms)
[2019-04-14T15:03:01.273-0100][gc,phases     ] GC(2)   Pre Evacuate Collection Set: 0,0ms
[2019-04-14T15:03:01.273-0100][gc,phases     ] GC(2)   Evacuate Collection Set: 28,7ms
[2019-04-14T15:03:01.273-0100][gc,phases     ] GC(2)   Post Evacuate Collection Set: 0,6ms
[2019-04-14T15:03:01.273-0100][gc,phases     ] GC(2)   Other: 0,3ms
[2019-04-14T15:03:01.273-0100][gc,heap       ] GC(2) Eden regions: 45->0(47)
[2019-04-14T15:03:01.273-0100][gc,heap       ] GC(2) Survivor regions: 6->4(7)
[2019-04-14T15:03:01.274-0100][gc,heap       ] GC(2) Old regions: 0->6
[2019-04-14T15:03:01.274-0100][gc,heap       ] GC(2) Humongous regions: 130->130
[2019-04-14T15:03:01.274-0100][gc,metaspace  ] GC(2) Metaspace: 30131K->30131K(1077248K)
[2019-04-14T15:03:01.274-0100][gc            ] GC(2) Pause Young (Normal) (G1 Evacuation Pause) 180M->139M(1024M) 29,845ms
[2019-04-14T15:03:01.274-0100][gc,cpu        ] GC(2) User=0,06s Sys=0,02s Real=0,03s
[2019-04-14T15:12:05.309-0100][gc,heap,exit  ] Heap
[2019-04-14T15:12:05.310-0100][gc,heap,exit  ]  garbage-first heap   total 1048576K, used 170348K [0x00000007c0000000, 0x0000000800000000)
[2019-04-14T15:12:05.310-0100][gc,heap,exit  ]   region size 1024K, 32 young (32768K), 4 survivors (4096K)
[2019-04-14T15:12:05.310-0100][gc,heap,exit  ]  Metaspace       used 33033K, capacity 33511K, committed 34224K, reserved 1079296K
[2019-04-14T15:12:05.311-0100][gc,heap,exit  ]   class space    used 4113K, capacity 4264K, committed 4352K, reserved 1048576K
