[2019-04-14T20:30:21.148-0100][gc,heap] Heap region size: 1M
[2019-04-14T20:30:21.165-0100][gc     ] Using G1
[2019-04-14T20:30:21.165-0100][gc,heap,coops] Heap address: 0x00000007c0000000, size: 1024 MB, Compressed Oops mode: Zero based, Oop shift amount: 3
[2019-04-14T20:30:23.384-0100][gc,start     ] GC(0) Pause Young (Concurrent Start) (Metadata GC Threshold)
[2019-04-14T20:30:23.385-0100][gc,task      ] GC(0) Using 4 workers of 4 for evacuation
[2019-04-14T20:30:23.420-0100][gc,mmu       ] GC(0) MMU target violated: 21,0ms (20,0ms/21,0ms)
[2019-04-14T20:30:23.421-0100][gc,phases    ] GC(0)   Pre Evacuate Collection Set: 0,1ms
[2019-04-14T20:30:23.421-0100][gc,phases    ] GC(0)   Evacuate Collection Set: 23,5ms
[2019-04-14T20:30:23.421-0100][gc,phases    ] GC(0)   Post Evacuate Collection Set: 0,9ms
[2019-04-14T20:30:23.421-0100][gc,phases    ] GC(0)   Other: 12,6ms
[2019-04-14T20:30:23.422-0100][gc,heap      ] GC(0) Eden regions: 43->0(45)
[2019-04-14T20:30:23.422-0100][gc,heap      ] GC(0) Survivor regions: 0->6(7)
[2019-04-14T20:30:23.422-0100][gc,heap      ] GC(0) Old regions: 0->0
[2019-04-14T20:30:23.422-0100][gc,heap      ] GC(0) Humongous regions: 1->1
[2019-04-14T20:30:23.422-0100][gc,metaspace ] GC(0) Metaspace: 20568K->20568K(1069056K)
[2019-04-14T20:30:23.422-0100][gc           ] GC(0) Pause Young (Concurrent Start) (Metadata GC Threshold) 43M->6M(1024M) 38,154ms
[2019-04-14T20:30:23.422-0100][gc,cpu       ] GC(0) User=0,03s Sys=0,01s Real=0,04s
[2019-04-14T20:30:23.422-0100][gc           ] GC(1) Concurrent Cycle
[2019-04-14T20:30:23.422-0100][gc,marking   ] GC(1) Concurrent Clear Claimed Marks
[2019-04-14T20:30:23.422-0100][gc,marking   ] GC(1) Concurrent Clear Claimed Marks 0,051ms
[2019-04-14T20:30:23.422-0100][gc,marking   ] GC(1) Concurrent Scan Root Regions
[2019-04-14T20:30:23.429-0100][gc,marking   ] GC(1) Concurrent Scan Root Regions 6,652ms
[2019-04-14T20:30:23.429-0100][gc,marking   ] GC(1) Concurrent Mark (2,305s)
[2019-04-14T20:30:23.429-0100][gc,marking   ] GC(1) Concurrent Mark From Roots
[2019-04-14T20:30:23.429-0100][gc,task      ] GC(1) Using 1 workers of 1 for marking
[2019-04-14T20:30:23.430-0100][gc,marking   ] GC(1) Concurrent Mark From Roots 0,496ms
[2019-04-14T20:30:23.430-0100][gc,marking   ] GC(1) Concurrent Preclean
[2019-04-14T20:30:23.430-0100][gc,marking   ] GC(1) Concurrent Preclean 0,061ms
[2019-04-14T20:30:23.430-0100][gc,marking   ] GC(1) Concurrent Mark (2,305s, 2,306s) 0,660ms
[2019-04-14T20:30:23.430-0100][gc,start     ] GC(1) Pause Remark
[2019-04-14T20:30:23.432-0100][gc,stringtable] GC(1) Cleaned string and symbol table, strings: 7943 processed, 0 removed, symbols: 64902 processed, 38 removed
[2019-04-14T20:30:23.433-0100][gc            ] GC(1) Pause Remark 7M->7M(1024M) 2,804ms
[2019-04-14T20:30:23.433-0100][gc,cpu        ] GC(1) User=0,01s Sys=0,00s Real=0,00s
[2019-04-14T20:30:23.433-0100][gc,marking    ] GC(1) Concurrent Rebuild Remembered Sets
[2019-04-14T20:30:23.433-0100][gc,marking    ] GC(1) Concurrent Rebuild Remembered Sets 0,601ms
[2019-04-14T20:30:23.434-0100][gc,start      ] GC(1) Pause Cleanup
[2019-04-14T20:30:23.434-0100][gc            ] GC(1) Pause Cleanup 7M->7M(1024M) 0,191ms
[2019-04-14T20:30:23.434-0100][gc,cpu        ] GC(1) User=0,00s Sys=0,00s Real=0,00s
[2019-04-14T20:30:23.434-0100][gc,marking    ] GC(1) Concurrent Cleanup for Next Mark
[2019-04-14T20:30:23.450-0100][gc,marking    ] GC(1) Concurrent Cleanup for Next Mark 16,408ms
[2019-04-14T20:30:23.450-0100][gc            ] GC(1) Concurrent Cycle 28,457ms
[2019-04-14T20:30:25.332-0100][gc,start      ] GC(2) Pause Young (Normal) (G1 Evacuation Pause)
[2019-04-14T20:30:25.332-0100][gc,task       ] GC(2) Using 4 workers of 4 for evacuation
[2019-04-14T20:30:25.379-0100][gc,mmu        ] GC(2) MMU target violated: 21,0ms (20,0ms/21,0ms)
[2019-04-14T20:30:25.379-0100][gc,phases     ] GC(2)   Pre Evacuate Collection Set: 0,1ms
[2019-04-14T20:30:25.379-0100][gc,phases     ] GC(2)   Evacuate Collection Set: 45,6ms
[2019-04-14T20:30:25.379-0100][gc,phases     ] GC(2)   Post Evacuate Collection Set: 0,8ms
[2019-04-14T20:30:25.379-0100][gc,phases     ] GC(2)   Other: 0,7ms
[2019-04-14T20:30:25.379-0100][gc,heap       ] GC(2) Eden regions: 45->0(47)
[2019-04-14T20:30:25.379-0100][gc,heap       ] GC(2) Survivor regions: 6->4(7)
[2019-04-14T20:30:25.379-0100][gc,heap       ] GC(2) Old regions: 0->6
[2019-04-14T20:30:25.379-0100][gc,heap       ] GC(2) Humongous regions: 130->130
[2019-04-14T20:30:25.379-0100][gc,metaspace  ] GC(2) Metaspace: 28934K->28934K(1075200K)
[2019-04-14T20:30:25.379-0100][gc            ] GC(2) Pause Young (Normal) (G1 Evacuation Pause) 180M->138M(1024M) 47,287ms
[2019-04-14T20:30:25.379-0100][gc,cpu        ] GC(2) User=0,06s Sys=0,06s Real=0,04s
[2019-04-14T20:31:25.110-0100][gc,start      ] GC(3) Pause Young (Normal) (G1 Evacuation Pause)
[2019-04-14T20:31:25.118-0100][gc,task       ] GC(3) Using 4 workers of 4 for evacuation
[2019-04-14T20:31:25.129-0100][gc,phases     ] GC(3)   Pre Evacuate Collection Set: 0,0ms
[2019-04-14T20:31:25.129-0100][gc,phases     ] GC(3)   Evacuate Collection Set: 9,9ms
[2019-04-14T20:31:25.129-0100][gc,phases     ] GC(3)   Post Evacuate Collection Set: 0,4ms
[2019-04-14T20:31:25.129-0100][gc,phases     ] GC(3)   Other: 8,7ms
[2019-04-14T20:31:25.129-0100][gc,heap       ] GC(3) Eden regions: 47->0(46)
[2019-04-14T20:31:25.129-0100][gc,heap       ] GC(3) Survivor regions: 4->5(7)
[2019-04-14T20:31:25.129-0100][gc,heap       ] GC(3) Old regions: 6->6
[2019-04-14T20:31:25.129-0100][gc,heap       ] GC(3) Humongous regions: 136->130
[2019-04-14T20:31:25.129-0100][gc,metaspace  ] GC(3) Metaspace: 34923K->34923K(1081344K)
[2019-04-14T20:31:25.129-0100][gc            ] GC(3) Pause Young (Normal) (G1 Evacuation Pause) 191M->140M(1024M) 19,336ms
[2019-04-14T20:31:25.129-0100][gc,cpu        ] GC(3) User=0,04s Sys=0,00s Real=0,01s
[2019-04-14T20:31:30.058-0100][gc,start      ] GC(4) Pause Young (Concurrent Start) (Metadata GC Threshold)
[2019-04-14T20:31:30.060-0100][gc,task       ] GC(4) Using 4 workers of 4 for evacuation
[2019-04-14T20:31:30.068-0100][gc,phases     ] GC(4)   Pre Evacuate Collection Set: 0,1ms
[2019-04-14T20:31:30.068-0100][gc,phases     ] GC(4)   Evacuate Collection Set: 7,8ms
[2019-04-14T20:31:30.068-0100][gc,phases     ] GC(4)   Post Evacuate Collection Set: 0,3ms
[2019-04-14T20:31:30.068-0100][gc,phases     ] GC(4)   Other: 1,9ms
[2019-04-14T20:31:30.068-0100][gc,heap       ] GC(4) Eden regions: 3->0(49)
[2019-04-14T20:31:30.068-0100][gc,heap       ] GC(4) Survivor regions: 5->2(7)
[2019-04-14T20:31:30.068-0100][gc,heap       ] GC(4) Old regions: 6->9
[2019-04-14T20:31:30.068-0100][gc,heap       ] GC(4) Humongous regions: 130->130
[2019-04-14T20:31:30.068-0100][gc,metaspace  ] GC(4) Metaspace: 34997K->34997K(1081344K)
[2019-04-14T20:31:30.068-0100][gc            ] GC(4) Pause Young (Concurrent Start) (Metadata GC Threshold) 142M->140M(1024M) 10,262ms
[2019-04-14T20:31:30.068-0100][gc,cpu        ] GC(4) User=0,03s Sys=0,00s Real=0,01s
[2019-04-14T20:31:30.068-0100][gc            ] GC(5) Concurrent Cycle
[2019-04-14T20:31:30.069-0100][gc,marking    ] GC(5) Concurrent Clear Claimed Marks
[2019-04-14T20:31:30.069-0100][gc,marking    ] GC(5) Concurrent Clear Claimed Marks 0,047ms
[2019-04-14T20:31:30.069-0100][gc,marking    ] GC(5) Concurrent Scan Root Regions
[2019-04-14T20:31:30.071-0100][gc,marking    ] GC(5) Concurrent Scan Root Regions 2,244ms
[2019-04-14T20:31:30.071-0100][gc,marking    ] GC(5) Concurrent Mark (68,945s)
[2019-04-14T20:31:30.071-0100][gc,marking    ] GC(5) Concurrent Mark From Roots
[2019-04-14T20:31:30.071-0100][gc,task       ] GC(5) Using 1 workers of 1 for marking
[2019-04-14T20:31:30.102-0100][gc,marking    ] GC(5) Concurrent Mark From Roots 31,423ms
[2019-04-14T20:31:30.102-0100][gc,marking    ] GC(5) Concurrent Preclean
[2019-04-14T20:31:30.103-0100][gc,marking    ] GC(5) Concurrent Preclean 0,158ms
[2019-04-14T20:31:30.103-0100][gc,marking    ] GC(5) Concurrent Mark (68,945s, 68,977s) 31,727ms
[2019-04-14T20:31:30.103-0100][gc,start      ] GC(5) Pause Remark
[2019-04-14T20:31:30.109-0100][gc,stringtable] GC(5) Cleaned string and symbol table, strings: 13119 processed, 6 removed, symbols: 94338 processed, 17 removed
[2019-04-14T20:31:30.109-0100][gc            ] GC(5) Pause Remark 141M->141M(1024M) 6,187ms
[2019-04-14T20:31:30.109-0100][gc,cpu        ] GC(5) User=0,02s Sys=0,00s Real=0,00s
[2019-04-14T20:31:30.109-0100][gc,marking    ] GC(5) Concurrent Rebuild Remembered Sets
[2019-04-14T20:31:30.120-0100][gc,marking    ] GC(5) Concurrent Rebuild Remembered Sets 11,285ms
[2019-04-14T20:31:30.121-0100][gc,start      ] GC(5) Pause Cleanup
[2019-04-14T20:31:30.121-0100][gc            ] GC(5) Pause Cleanup 141M->141M(1024M) 0,187ms
[2019-04-14T20:31:30.121-0100][gc,cpu        ] GC(5) User=0,00s Sys=0,00s Real=0,00s
[2019-04-14T20:31:30.121-0100][gc,marking    ] GC(5) Concurrent Cleanup for Next Mark
[2019-04-14T20:31:30.141-0100][gc,marking    ] GC(5) Concurrent Cleanup for Next Mark 19,635ms
[2019-04-14T20:31:30.141-0100][gc            ] GC(5) Concurrent Cycle 72,202ms
[2019-04-14T20:32:10.162-0100][gc,start      ] GC(6) Pause Young (Normal) (G1 Evacuation Pause)
[2019-04-14T20:32:10.170-0100][gc,task       ] GC(6) Using 4 workers of 4 for evacuation
[2019-04-14T20:32:10.203-0100][gc,mmu        ] GC(6) MMU target violated: 21,0ms (20,0ms/21,0ms)
[2019-04-14T20:32:10.204-0100][gc,phases     ] GC(6)   Pre Evacuate Collection Set: 3,0ms
[2019-04-14T20:32:10.204-0100][gc,phases     ] GC(6)   Evacuate Collection Set: 25,5ms
[2019-04-14T20:32:10.204-0100][gc,phases     ] GC(6)   Post Evacuate Collection Set: 4,1ms
[2019-04-14T20:32:10.204-0100][gc,phases     ] GC(6)   Other: 8,5ms
[2019-04-14T20:32:10.204-0100][gc,heap       ] GC(6) Eden regions: 49->0(47)
[2019-04-14T20:32:10.204-0100][gc,heap       ] GC(6) Survivor regions: 2->4(7)
[2019-04-14T20:32:10.204-0100][gc,heap       ] GC(6) Old regions: 9->9
[2019-04-14T20:32:10.204-0100][gc,heap       ] GC(6) Humongous regions: 130->130
[2019-04-14T20:32:10.204-0100][gc,metaspace  ] GC(6) Metaspace: 37411K->37411K(1083392K)
[2019-04-14T20:32:10.204-0100][gc            ] GC(6) Pause Young (Normal) (G1 Evacuation Pause) 189M->141M(1024M) 41,305ms
[2019-04-14T20:32:10.204-0100][gc,cpu        ] GC(6) User=0,04s Sys=0,04s Real=0,04s
[2019-04-14T20:36:34.078-0100][gc,start      ] GC(7) Pause Young (Normal) (G1 Evacuation Pause)
[2019-04-14T20:36:34.085-0100][gc,task       ] GC(7) Using 4 workers of 4 for evacuation
[2019-04-14T20:36:34.130-0100][gc,mmu        ] GC(7) MMU target violated: 21,0ms (20,0ms/21,0ms)
[2019-04-14T20:36:34.130-0100][gc,phases     ] GC(7)   Pre Evacuate Collection Set: 2,1ms
[2019-04-14T20:36:34.130-0100][gc,phases     ] GC(7)   Evacuate Collection Set: 41,3ms
[2019-04-14T20:36:34.130-0100][gc,phases     ] GC(7)   Post Evacuate Collection Set: 0,6ms
[2019-04-14T20:36:34.130-0100][gc,phases     ] GC(7)   Other: 8,5ms
[2019-04-14T20:36:34.130-0100][gc,heap       ] GC(7) Eden regions: 47->0(47)
[2019-04-14T20:36:34.130-0100][gc,heap       ] GC(7) Survivor regions: 4->4(7)
[2019-04-14T20:36:34.130-0100][gc,heap       ] GC(7) Old regions: 9->9
[2019-04-14T20:36:34.130-0100][gc,heap       ] GC(7) Humongous regions: 130->130
[2019-04-14T20:36:34.130-0100][gc,metaspace  ] GC(7) Metaspace: 37608K->37608K(1083392K)
[2019-04-14T20:36:34.130-0100][gc            ] GC(7) Pause Young (Normal) (G1 Evacuation Pause) 188M->142M(1024M) 52,687ms
[2019-04-14T20:36:34.130-0100][gc,cpu        ] GC(7) User=0,04s Sys=0,08s Real=0,06s
[2019-04-14T20:41:41.795-0100][gc,start      ] GC(8) Pause Young (Normal) (G1 Evacuation Pause)
[2019-04-14T20:41:41.921-0100][gc,task       ] GC(8) Using 4 workers of 4 for evacuation
[2019-04-14T20:41:41.975-0100][gc,mmu        ] GC(8) MMU target violated: 21,0ms (20,0ms/21,0ms)
[2019-04-14T20:41:41.975-0100][gc,phases     ] GC(8)   Pre Evacuate Collection Set: 2,2ms
[2019-04-14T20:41:41.975-0100][gc,phases     ] GC(8)   Evacuate Collection Set: 48,8ms
[2019-04-14T20:41:41.975-0100][gc,phases     ] GC(8)   Post Evacuate Collection Set: 2,5ms
[2019-04-14T20:41:41.976-0100][gc,phases     ] GC(8)   Other: 126,9ms
[2019-04-14T20:41:41.976-0100][gc,heap       ] GC(8) Eden regions: 47->0(48)
[2019-04-14T20:41:41.977-0100][gc,heap       ] GC(8) Survivor regions: 4->3(7)
[2019-04-14T20:41:41.977-0100][gc,heap       ] GC(8) Old regions: 9->11
[2019-04-14T20:41:41.977-0100][gc,heap       ] GC(8) Humongous regions: 130->130
[2019-04-14T20:41:41.977-0100][gc,metaspace  ] GC(8) Metaspace: 37760K->37760K(1083392K)
[2019-04-14T20:41:41.977-0100][gc            ] GC(8) Pause Young (Normal) (G1 Evacuation Pause) 189M->142M(1024M) 182,075ms
[2019-04-14T20:41:41.977-0100][gc,cpu        ] GC(8) User=0,04s Sys=0,06s Real=0,18s
[2019-04-14T20:47:04.223-0100][gc,start      ] GC(9) Pause Young (Normal) (G1 Evacuation Pause)
[2019-04-14T20:47:04.231-0100][gc,task       ] GC(9) Using 4 workers of 4 for evacuation
[2019-04-14T20:47:04.243-0100][gc,phases     ] GC(9)   Pre Evacuate Collection Set: 0,2ms
[2019-04-14T20:47:04.243-0100][gc,phases     ] GC(9)   Evacuate Collection Set: 11,9ms
[2019-04-14T20:47:04.243-0100][gc,phases     ] GC(9)   Post Evacuate Collection Set: 0,3ms
[2019-04-14T20:47:04.243-0100][gc,phases     ] GC(9)   Other: 7,8ms
[2019-04-14T20:47:04.243-0100][gc,heap       ] GC(9) Eden regions: 48->0(47)
[2019-04-14T20:47:04.243-0100][gc,heap       ] GC(9) Survivor regions: 3->4(7)
[2019-04-14T20:47:04.243-0100][gc,heap       ] GC(9) Old regions: 11->11
[2019-04-14T20:47:04.244-0100][gc,heap       ] GC(9) Humongous regions: 130->130
[2019-04-14T20:47:04.244-0100][gc,metaspace  ] GC(9) Metaspace: 37814K->37814K(1083392K)
[2019-04-14T20:47:04.244-0100][gc            ] GC(9) Pause Young (Normal) (G1 Evacuation Pause) 190M->143M(1024M) 20,349ms
[2019-04-14T20:47:04.244-0100][gc,cpu        ] GC(9) User=0,03s Sys=0,01s Real=0,02s
[2019-04-14T21:12:21.835-0100][gc,start      ] GC(10) Pause Young (Normal) (G1 Evacuation Pause)
[2019-04-14T21:12:21.836-0100][gc,task       ] GC(10) Using 4 workers of 4 for evacuation
[2019-04-14T21:12:21.915-0100][gc,mmu        ] GC(10) MMU target violated: 21,0ms (20,0ms/21,0ms)
[2019-04-14T21:12:21.915-0100][gc,phases     ] GC(10)   Pre Evacuate Collection Set: 3,5ms
[2019-04-14T21:12:21.915-0100][gc,phases     ] GC(10)   Evacuate Collection Set: 73,4ms
[2019-04-14T21:12:21.915-0100][gc,phases     ] GC(10)   Post Evacuate Collection Set: 0,8ms
[2019-04-14T21:12:21.915-0100][gc,phases     ] GC(10)   Other: 2,8ms
[2019-04-14T21:12:21.915-0100][gc,heap       ] GC(10) Eden regions: 47->0(47)
[2019-04-14T21:12:21.915-0100][gc,heap       ] GC(10) Survivor regions: 4->4(7)
[2019-04-14T21:12:21.915-0100][gc,heap       ] GC(10) Old regions: 11->11
[2019-04-14T21:12:21.915-0100][gc,heap       ] GC(10) Humongous regions: 130->130
[2019-04-14T21:12:21.915-0100][gc,metaspace  ] GC(10) Metaspace: 37868K->37868K(1083392K)
[2019-04-14T21:12:21.915-0100][gc            ] GC(10) Pause Young (Normal) (G1 Evacuation Pause) 190M->143M(1024M) 80,659ms
[2019-04-14T21:12:21.915-0100][gc,cpu        ] GC(10) User=0,03s Sys=0,06s Real=0,08s
[2019-04-14T21:16:05.305-0100][gc,start      ] GC(11) Pause Young (Normal) (G1 Evacuation Pause)
[2019-04-14T21:16:05.305-0100][gc,task       ] GC(11) Using 4 workers of 4 for evacuation
[2019-04-14T21:16:05.341-0100][gc,mmu        ] GC(11) MMU target violated: 21,0ms (20,0ms/21,0ms)
[2019-04-14T21:16:05.341-0100][gc,phases     ] GC(11)   Pre Evacuate Collection Set: 2,5ms
[2019-04-14T21:16:05.341-0100][gc,phases     ] GC(11)   Evacuate Collection Set: 31,9ms
[2019-04-14T21:16:05.341-0100][gc,phases     ] GC(11)   Post Evacuate Collection Set: 0,5ms
[2019-04-14T21:16:05.341-0100][gc,phases     ] GC(11)   Other: 1,4ms
[2019-04-14T21:16:05.341-0100][gc,heap       ] GC(11) Eden regions: 47->0(47)
[2019-04-14T21:16:05.341-0100][gc,heap       ] GC(11) Survivor regions: 4->4(7)
[2019-04-14T21:16:05.341-0100][gc,heap       ] GC(11) Old regions: 11->11
[2019-04-14T21:16:05.341-0100][gc,heap       ] GC(11) Humongous regions: 130->130
[2019-04-14T21:16:05.341-0100][gc,metaspace  ] GC(11) Metaspace: 37927K->37927K(1083392K)
[2019-04-14T21:16:05.341-0100][gc            ] GC(11) Pause Young (Normal) (G1 Evacuation Pause) 190M->143M(1024M) 36,436ms
[2019-04-14T21:16:05.341-0100][gc,cpu        ] GC(11) User=0,03s Sys=0,03s Real=0,04s
[2019-04-14T22:26:31.445-0100][gc,start      ] GC(12) Pause Young (Normal) (G1 Evacuation Pause)
[2019-04-14T22:26:31.453-0100][gc,task       ] GC(12) Using 4 workers of 4 for evacuation
[2019-04-14T22:26:31.504-0100][gc,mmu        ] GC(12) MMU target violated: 21,0ms (20,0ms/21,0ms)
[2019-04-14T22:26:31.505-0100][gc,phases     ] GC(12)   Pre Evacuate Collection Set: 5,7ms
[2019-04-14T22:26:31.505-0100][gc,phases     ] GC(12)   Evacuate Collection Set: 43,6ms
[2019-04-14T22:26:31.505-0100][gc,phases     ] GC(12)   Post Evacuate Collection Set: 0,5ms
[2019-04-14T22:26:31.505-0100][gc,phases     ] GC(12)   Other: 10,1ms
[2019-04-14T22:26:31.505-0100][gc,heap       ] GC(12) Eden regions: 47->0(47)
[2019-04-14T22:26:31.505-0100][gc,heap       ] GC(12) Survivor regions: 4->4(7)
[2019-04-14T22:26:31.505-0100][gc,heap       ] GC(12) Old regions: 11->11
[2019-04-14T22:26:31.505-0100][gc,heap       ] GC(12) Humongous regions: 130->130
[2019-04-14T22:26:31.505-0100][gc,metaspace  ] GC(12) Metaspace: 38188K->38188K(1083392K)
[2019-04-14T22:26:31.505-0100][gc            ] GC(12) Pause Young (Normal) (G1 Evacuation Pause) 190M->143M(1024M) 60,064ms
[2019-04-14T22:26:31.505-0100][gc,cpu        ] GC(12) User=0,04s Sys=0,05s Real=0,06s
[2019-04-14T22:38:00.540-0100][gc,start      ] GC(13) Pause Young (Normal) (G1 Evacuation Pause)
[2019-04-14T22:38:00.544-0100][gc,task       ] GC(13) Using 4 workers of 4 for evacuation
[2019-04-14T22:38:00.602-0100][gc,mmu        ] GC(13) MMU target violated: 21,0ms (20,0ms/21,0ms)
[2019-04-14T22:38:00.602-0100][gc,phases     ] GC(13)   Pre Evacuate Collection Set: 3,1ms
[2019-04-14T22:38:00.602-0100][gc,phases     ] GC(13)   Evacuate Collection Set: 53,7ms
[2019-04-14T22:38:00.602-0100][gc,phases     ] GC(13)   Post Evacuate Collection Set: 0,5ms
[2019-04-14T22:38:00.602-0100][gc,phases     ] GC(13)   Other: 5,7ms
[2019-04-14T22:38:00.603-0100][gc,heap       ] GC(13) Eden regions: 47->0(47)
[2019-04-14T22:38:00.603-0100][gc,heap       ] GC(13) Survivor regions: 4->4(7)
[2019-04-14T22:38:00.603-0100][gc,heap       ] GC(13) Old regions: 11->11
[2019-04-14T22:38:00.603-0100][gc,heap       ] GC(13) Humongous regions: 130->130
[2019-04-14T22:38:00.603-0100][gc,metaspace  ] GC(13) Metaspace: 38244K->38244K(1083392K)
[2019-04-14T22:38:00.603-0100][gc            ] GC(13) Pause Young (Normal) (G1 Evacuation Pause) 190M->143M(1024M) 63,011ms
[2019-04-14T22:38:00.603-0100][gc,cpu        ] GC(13) User=0,05s Sys=0,12s Real=0,06s
[2019-04-14T22:48:50.841-0100][gc,start      ] GC(14) Pause Young (Normal) (G1 Evacuation Pause)
[2019-04-14T22:48:50.841-0100][gc,task       ] GC(14) Using 4 workers of 4 for evacuation
[2019-04-14T22:48:50.883-0100][gc,mmu        ] GC(14) MMU target violated: 21,0ms (20,0ms/21,0ms)
[2019-04-14T22:48:50.883-0100][gc,phases     ] GC(14)   Pre Evacuate Collection Set: 5,3ms
[2019-04-14T22:48:50.883-0100][gc,phases     ] GC(14)   Evacuate Collection Set: 35,3ms
[2019-04-14T22:48:50.883-0100][gc,phases     ] GC(14)   Post Evacuate Collection Set: 0,6ms
[2019-04-14T22:48:50.883-0100][gc,phases     ] GC(14)   Other: 1,2ms
[2019-04-14T22:48:50.883-0100][gc,heap       ] GC(14) Eden regions: 47->0(47)
[2019-04-14T22:48:50.883-0100][gc,heap       ] GC(14) Survivor regions: 4->4(7)
[2019-04-14T22:48:50.883-0100][gc,heap       ] GC(14) Old regions: 11->11
[2019-04-14T22:48:50.883-0100][gc,heap       ] GC(14) Humongous regions: 130->130
[2019-04-14T22:48:50.883-0100][gc,metaspace  ] GC(14) Metaspace: 38303K->38303K(1083392K)
[2019-04-14T22:48:50.883-0100][gc            ] GC(14) Pause Young (Normal) (G1 Evacuation Pause) 190M->143M(1024M) 42,546ms
[2019-04-14T22:48:50.883-0100][gc,cpu        ] GC(14) User=0,03s Sys=0,05s Real=0,04s
[2019-04-14T22:53:18.174-0100][gc,start      ] GC(15) Pause Young (Normal) (G1 Evacuation Pause)
[2019-04-14T22:53:18.174-0100][gc,task       ] GC(15) Using 4 workers of 4 for evacuation
[2019-04-14T22:53:18.225-0100][gc,mmu        ] GC(15) MMU target violated: 21,0ms (20,0ms/21,0ms)
[2019-04-14T22:53:18.225-0100][gc,phases     ] GC(15)   Pre Evacuate Collection Set: 2,5ms
[2019-04-14T22:53:18.225-0100][gc,phases     ] GC(15)   Evacuate Collection Set: 47,0ms
[2019-04-14T22:53:18.225-0100][gc,phases     ] GC(15)   Post Evacuate Collection Set: 0,5ms
[2019-04-14T22:53:18.225-0100][gc,phases     ] GC(15)   Other: 2,4ms
[2019-04-14T22:53:18.225-0100][gc,heap       ] GC(15) Eden regions: 47->0(47)
[2019-04-14T22:53:18.225-0100][gc,heap       ] GC(15) Survivor regions: 4->4(7)
[2019-04-14T22:53:18.225-0100][gc,heap       ] GC(15) Old regions: 11->11
[2019-04-14T22:53:18.225-0100][gc,heap       ] GC(15) Humongous regions: 130->130
[2019-04-14T22:53:18.225-0100][gc,metaspace  ] GC(15) Metaspace: 38320K->38320K(1083392K)
[2019-04-14T22:53:18.225-0100][gc            ] GC(15) Pause Young (Normal) (G1 Evacuation Pause) 190M->143M(1024M) 51,422ms
[2019-04-14T22:53:18.225-0100][gc,cpu        ] GC(15) User=0,04s Sys=0,07s Real=0,05s
[2019-04-14T22:59:40.918-0100][gc,start      ] GC(16) Pause Young (Normal) (G1 Evacuation Pause)
[2019-04-14T22:59:40.919-0100][gc,task       ] GC(16) Using 4 workers of 4 for evacuation
[2019-04-14T22:59:40.959-0100][gc,mmu        ] GC(16) MMU target violated: 21,0ms (20,0ms/21,0ms)
[2019-04-14T22:59:40.960-0100][gc,phases     ] GC(16)   Pre Evacuate Collection Set: 1,8ms
[2019-04-14T22:59:40.960-0100][gc,phases     ] GC(16)   Evacuate Collection Set: 37,9ms
[2019-04-14T22:59:40.960-0100][gc,phases     ] GC(16)   Post Evacuate Collection Set: 0,5ms
[2019-04-14T22:59:40.960-0100][gc,phases     ] GC(16)   Other: 1,2ms
[2019-04-14T22:59:40.960-0100][gc,heap       ] GC(16) Eden regions: 47->0(47)
[2019-04-14T22:59:40.960-0100][gc,heap       ] GC(16) Survivor regions: 4->4(7)
[2019-04-14T22:59:40.960-0100][gc,heap       ] GC(16) Old regions: 11->11
[2019-04-14T22:59:40.960-0100][gc,heap       ] GC(16) Humongous regions: 130->130
[2019-04-14T22:59:40.960-0100][gc,metaspace  ] GC(16) Metaspace: 38323K->38323K(1083392K)
[2019-04-14T22:59:40.960-0100][gc            ] GC(16) Pause Young (Normal) (G1 Evacuation Pause) 190M->143M(1024M) 41,506ms
[2019-04-14T22:59:40.960-0100][gc,cpu        ] GC(16) User=0,03s Sys=0,05s Real=0,05s
[2019-04-14T23:02:43.819-0100][gc,start      ] GC(17) Pause Young (Normal) (G1 Evacuation Pause)
[2019-04-14T23:02:43.827-0100][gc,task       ] GC(17) Using 4 workers of 4 for evacuation
[2019-04-14T23:02:43.857-0100][gc,mmu        ] GC(17) MMU target violated: 21,0ms (20,0ms/21,0ms)
[2019-04-14T23:02:43.857-0100][gc,phases     ] GC(17)   Pre Evacuate Collection Set: 1,8ms
[2019-04-14T23:02:43.857-0100][gc,phases     ] GC(17)   Evacuate Collection Set: 27,1ms
[2019-04-14T23:02:43.857-0100][gc,phases     ] GC(17)   Post Evacuate Collection Set: 0,6ms
[2019-04-14T23:02:43.857-0100][gc,phases     ] GC(17)   Other: 8,3ms
[2019-04-14T23:02:43.857-0100][gc,heap       ] GC(17) Eden regions: 47->0(47)
[2019-04-14T23:02:43.857-0100][gc,heap       ] GC(17) Survivor regions: 4->4(7)
[2019-04-14T23:02:43.857-0100][gc,heap       ] GC(17) Old regions: 11->11
[2019-04-14T23:02:43.857-0100][gc,heap       ] GC(17) Humongous regions: 130->130
[2019-04-14T23:02:43.857-0100][gc,metaspace  ] GC(17) Metaspace: 38323K->38323K(1083392K)
[2019-04-14T23:02:43.857-0100][gc            ] GC(17) Pause Young (Normal) (G1 Evacuation Pause) 190M->143M(1024M) 38,051ms
[2019-04-14T23:02:43.857-0100][gc,cpu        ] GC(17) User=0,04s Sys=0,04s Real=0,04s
[2019-04-14T23:05:31.890-0100][gc,start      ] GC(18) Pause Young (Normal) (G1 Evacuation Pause)
[2019-04-14T23:05:31.891-0100][gc,task       ] GC(18) Using 4 workers of 4 for evacuation
[2019-04-14T23:05:31.917-0100][gc,mmu        ] GC(18) MMU target violated: 21,0ms (20,0ms/21,0ms)
[2019-04-14T23:05:31.917-0100][gc,phases     ] GC(18)   Pre Evacuate Collection Set: 1,9ms
[2019-04-14T23:05:31.917-0100][gc,phases     ] GC(18)   Evacuate Collection Set: 23,9ms
[2019-04-14T23:05:31.917-0100][gc,phases     ] GC(18)   Post Evacuate Collection Set: 0,4ms
[2019-04-14T23:05:31.918-0100][gc,phases     ] GC(18)   Other: 1,1ms
[2019-04-14T23:05:31.918-0100][gc,heap       ] GC(18) Eden regions: 47->0(47)
[2019-04-14T23:05:31.918-0100][gc,heap       ] GC(18) Survivor regions: 4->4(7)
[2019-04-14T23:05:31.918-0100][gc,heap       ] GC(18) Old regions: 11->11
[2019-04-14T23:05:31.918-0100][gc,heap       ] GC(18) Humongous regions: 130->130
[2019-04-14T23:05:31.918-0100][gc,metaspace  ] GC(18) Metaspace: 38325K->38325K(1083392K)
[2019-04-14T23:05:31.918-0100][gc            ] GC(18) Pause Young (Normal) (G1 Evacuation Pause) 190M->143M(1024M) 27,642ms
[2019-04-14T23:05:31.918-0100][gc,cpu        ] GC(18) User=0,04s Sys=0,04s Real=0,02s
[2019-04-14T23:08:39.826-0100][gc,start      ] GC(19) Pause Young (Normal) (G1 Evacuation Pause)
[2019-04-14T23:08:39.826-0100][gc,task       ] GC(19) Using 4 workers of 4 for evacuation
[2019-04-14T23:08:39.861-0100][gc,mmu        ] GC(19) MMU target violated: 21,0ms (20,0ms/21,0ms)
[2019-04-14T23:08:39.861-0100][gc,phases     ] GC(19)   Pre Evacuate Collection Set: 1,9ms
[2019-04-14T23:08:39.861-0100][gc,phases     ] GC(19)   Evacuate Collection Set: 31,5ms
[2019-04-14T23:08:39.861-0100][gc,phases     ] GC(19)   Post Evacuate Collection Set: 0,5ms
[2019-04-14T23:08:39.861-0100][gc,phases     ] GC(19)   Other: 1,1ms
[2019-04-14T23:08:39.861-0100][gc,heap       ] GC(19) Eden regions: 47->0(47)
[2019-04-14T23:08:39.861-0100][gc,heap       ] GC(19) Survivor regions: 4->4(7)
[2019-04-14T23:08:39.861-0100][gc,heap       ] GC(19) Old regions: 11->11
[2019-04-14T23:08:39.861-0100][gc,heap       ] GC(19) Humongous regions: 130->130
[2019-04-14T23:08:39.861-0100][gc,metaspace  ] GC(19) Metaspace: 38333K->38333K(1083392K)
[2019-04-14T23:08:39.861-0100][gc            ] GC(19) Pause Young (Normal) (G1 Evacuation Pause) 190M->143M(1024M) 35,158ms
[2019-04-14T23:08:39.861-0100][gc,cpu        ] GC(19) User=0,04s Sys=0,05s Real=0,04s
[2019-04-14T23:11:58.813-0100][gc,start      ] GC(20) Pause Young (Normal) (G1 Evacuation Pause)
[2019-04-14T23:11:58.820-0100][gc,task       ] GC(20) Using 4 workers of 4 for evacuation
[2019-04-14T23:11:58.847-0100][gc,mmu        ] GC(20) MMU target violated: 21,0ms (20,0ms/21,0ms)
[2019-04-14T23:11:58.848-0100][gc,phases     ] GC(20)   Pre Evacuate Collection Set: 2,0ms
[2019-04-14T23:11:58.848-0100][gc,phases     ] GC(20)   Evacuate Collection Set: 24,1ms
[2019-04-14T23:11:58.848-0100][gc,phases     ] GC(20)   Post Evacuate Collection Set: 0,4ms
[2019-04-14T23:11:58.848-0100][gc,phases     ] GC(20)   Other: 8,3ms
[2019-04-14T23:11:58.848-0100][gc,heap       ] GC(20) Eden regions: 47->0(47)
[2019-04-14T23:11:58.848-0100][gc,heap       ] GC(20) Survivor regions: 4->4(7)
[2019-04-14T23:11:58.848-0100][gc,heap       ] GC(20) Old regions: 11->11
[2019-04-14T23:11:58.848-0100][gc,heap       ] GC(20) Humongous regions: 130->130
[2019-04-14T23:11:58.848-0100][gc,metaspace  ] GC(20) Metaspace: 38334K->38334K(1083392K)
[2019-04-14T23:11:58.848-0100][gc            ] GC(20) Pause Young (Normal) (G1 Evacuation Pause) 190M->143M(1024M) 34,980ms
[2019-04-14T23:11:58.848-0100][gc,cpu        ] GC(20) User=0,03s Sys=0,04s Real=0,03s
[2019-04-14T23:15:09.987-0100][gc,start      ] GC(21) Pause Young (Normal) (G1 Evacuation Pause)
[2019-04-14T23:15:09.995-0100][gc,task       ] GC(21) Using 4 workers of 4 for evacuation
[2019-04-14T23:15:10.022-0100][gc,mmu        ] GC(21) MMU target violated: 21,0ms (20,0ms/21,0ms)
[2019-04-14T23:15:10.022-0100][gc,phases     ] GC(21)   Pre Evacuate Collection Set: 1,9ms
[2019-04-14T23:15:10.022-0100][gc,phases     ] GC(21)   Evacuate Collection Set: 23,8ms
[2019-04-14T23:15:10.022-0100][gc,phases     ] GC(21)   Post Evacuate Collection Set: 0,4ms
[2019-04-14T23:15:10.022-0100][gc,phases     ] GC(21)   Other: 8,2ms
[2019-04-14T23:15:10.022-0100][gc,heap       ] GC(21) Eden regions: 47->0(47)
[2019-04-14T23:15:10.022-0100][gc,heap       ] GC(21) Survivor regions: 4->4(7)
[2019-04-14T23:15:10.022-0100][gc,heap       ] GC(21) Old regions: 11->11
[2019-04-14T23:15:10.022-0100][gc,heap       ] GC(21) Humongous regions: 130->130
[2019-04-14T23:15:10.022-0100][gc,metaspace  ] GC(21) Metaspace: 38334K->38334K(1083392K)
[2019-04-14T23:15:10.022-0100][gc            ] GC(21) Pause Young (Normal) (G1 Evacuation Pause) 190M->143M(1024M) 34,442ms
[2019-04-14T23:15:10.022-0100][gc,cpu        ] GC(21) User=0,03s Sys=0,05s Real=0,04s
[2019-04-14T23:17:57.161-0100][gc,start      ] GC(22) Pause Young (Normal) (G1 Evacuation Pause)
[2019-04-14T23:17:57.161-0100][gc,task       ] GC(22) Using 4 workers of 4 for evacuation
[2019-04-14T23:17:57.200-0100][gc,mmu        ] GC(22) MMU target violated: 21,0ms (20,0ms/21,0ms)
[2019-04-14T23:17:57.200-0100][gc,phases     ] GC(22)   Pre Evacuate Collection Set: 3,0ms
[2019-04-14T23:17:57.200-0100][gc,phases     ] GC(22)   Evacuate Collection Set: 33,5ms
[2019-04-14T23:17:57.200-0100][gc,phases     ] GC(22)   Post Evacuate Collection Set: 0,6ms
[2019-04-14T23:17:57.200-0100][gc,phases     ] GC(22)   Other: 2,1ms
[2019-04-14T23:17:57.200-0100][gc,heap       ] GC(22) Eden regions: 47->0(47)
[2019-04-14T23:17:57.200-0100][gc,heap       ] GC(22) Survivor regions: 4->4(7)
[2019-04-14T23:17:57.200-0100][gc,heap       ] GC(22) Old regions: 11->11
[2019-04-14T23:17:57.200-0100][gc,heap       ] GC(22) Humongous regions: 130->130
[2019-04-14T23:17:57.200-0100][gc,metaspace  ] GC(22) Metaspace: 38335K->38335K(1083392K)
[2019-04-14T23:17:57.200-0100][gc            ] GC(22) Pause Young (Normal) (G1 Evacuation Pause) 190M->143M(1024M) 39,404ms
[2019-04-14T23:17:57.200-0100][gc,cpu        ] GC(22) User=0,03s Sys=0,03s Real=0,04s
[2019-04-14T23:21:02.242-0100][gc,start      ] GC(23) Pause Young (Normal) (G1 Evacuation Pause)
[2019-04-14T23:21:02.242-0100][gc,task       ] GC(23) Using 4 workers of 4 for evacuation
[2019-04-14T23:21:02.275-0100][gc,mmu        ] GC(23) MMU target violated: 21,0ms (20,0ms/21,0ms)
[2019-04-14T23:21:02.275-0100][gc,phases     ] GC(23)   Pre Evacuate Collection Set: 2,5ms
[2019-04-14T23:21:02.275-0100][gc,phases     ] GC(23)   Evacuate Collection Set: 28,9ms
[2019-04-14T23:21:02.275-0100][gc,phases     ] GC(23)   Post Evacuate Collection Set: 0,5ms
[2019-04-14T23:21:02.275-0100][gc,phases     ] GC(23)   Other: 1,4ms
[2019-04-14T23:21:02.275-0100][gc,heap       ] GC(23) Eden regions: 47->0(47)
[2019-04-14T23:21:02.275-0100][gc,heap       ] GC(23) Survivor regions: 4->4(7)
[2019-04-14T23:21:02.275-0100][gc,heap       ] GC(23) Old regions: 11->11
[2019-04-14T23:21:02.275-0100][gc,heap       ] GC(23) Humongous regions: 130->130
[2019-04-14T23:21:02.275-0100][gc,metaspace  ] GC(23) Metaspace: 38342K->38342K(1083392K)
[2019-04-14T23:21:02.275-0100][gc            ] GC(23) Pause Young (Normal) (G1 Evacuation Pause) 190M->143M(1024M) 33,553ms
[2019-04-14T23:21:02.275-0100][gc,cpu        ] GC(23) User=0,03s Sys=0,04s Real=0,03s
[2019-04-14T23:24:14.233-0100][gc,start      ] GC(24) Pause Young (Normal) (G1 Evacuation Pause)
[2019-04-14T23:24:14.242-0100][gc,task       ] GC(24) Using 4 workers of 4 for evacuation
[2019-04-14T23:24:14.278-0100][gc,mmu        ] GC(24) MMU target violated: 21,0ms (20,0ms/21,0ms)
[2019-04-14T23:24:14.278-0100][gc,phases     ] GC(24)   Pre Evacuate Collection Set: 3,2ms
[2019-04-14T23:24:14.278-0100][gc,phases     ] GC(24)   Evacuate Collection Set: 31,4ms
[2019-04-14T23:24:14.278-0100][gc,phases     ] GC(24)   Post Evacuate Collection Set: 0,4ms
[2019-04-14T23:24:14.278-0100][gc,phases     ] GC(24)   Other: 9,8ms
[2019-04-14T23:24:14.278-0100][gc,heap       ] GC(24) Eden regions: 47->0(47)
[2019-04-14T23:24:14.278-0100][gc,heap       ] GC(24) Survivor regions: 4->4(7)
[2019-04-14T23:24:14.278-0100][gc,heap       ] GC(24) Old regions: 11->11
[2019-04-14T23:24:14.278-0100][gc,heap       ] GC(24) Humongous regions: 130->130
[2019-04-14T23:24:14.278-0100][gc,metaspace  ] GC(24) Metaspace: 38345K->38345K(1083392K)
[2019-04-14T23:24:14.278-0100][gc            ] GC(24) Pause Young (Normal) (G1 Evacuation Pause) 190M->143M(1024M) 44,916ms
[2019-04-14T23:24:14.278-0100][gc,cpu        ] GC(24) User=0,03s Sys=0,04s Real=0,04s
[2019-04-14T23:27:35.223-0100][gc,start      ] GC(25) Pause Young (Normal) (G1 Evacuation Pause)
[2019-04-14T23:27:35.224-0100][gc,task       ] GC(25) Using 4 workers of 4 for evacuation
[2019-04-14T23:27:35.263-0100][gc,mmu        ] GC(25) MMU target violated: 21,0ms (20,0ms/21,0ms)
[2019-04-14T23:27:35.263-0100][gc,phases     ] GC(25)   Pre Evacuate Collection Set: 2,8ms
[2019-04-14T23:27:35.263-0100][gc,phases     ] GC(25)   Evacuate Collection Set: 35,1ms
[2019-04-14T23:27:35.263-0100][gc,phases     ] GC(25)   Post Evacuate Collection Set: 0,8ms
[2019-04-14T23:27:35.264-0100][gc,phases     ] GC(25)   Other: 1,5ms
[2019-04-14T23:27:35.264-0100][gc,heap       ] GC(25) Eden regions: 47->0(47)
[2019-04-14T23:27:35.264-0100][gc,heap       ] GC(25) Survivor regions: 4->4(7)
[2019-04-14T23:27:35.264-0100][gc,heap       ] GC(25) Old regions: 11->11
[2019-04-14T23:27:35.264-0100][gc,heap       ] GC(25) Humongous regions: 130->130
[2019-04-14T23:27:35.264-0100][gc,metaspace  ] GC(25) Metaspace: 38347K->38347K(1083392K)
[2019-04-14T23:27:35.264-0100][gc            ] GC(25) Pause Young (Normal) (G1 Evacuation Pause) 190M->143M(1024M) 40,401ms
[2019-04-14T23:27:35.264-0100][gc,cpu        ] GC(25) User=0,03s Sys=0,04s Real=0,04s
[2019-04-14T23:31:12.652-0100][gc,start      ] GC(26) Pause Young (Normal) (G1 Evacuation Pause)
[2019-04-14T23:31:12.653-0100][gc,task       ] GC(26) Using 4 workers of 4 for evacuation
[2019-04-14T23:31:12.682-0100][gc,mmu        ] GC(26) MMU target violated: 21,0ms (20,0ms/21,0ms)
[2019-04-14T23:31:12.682-0100][gc,phases     ] GC(26)   Pre Evacuate Collection Set: 2,2ms
[2019-04-14T23:31:12.682-0100][gc,phases     ] GC(26)   Evacuate Collection Set: 26,0ms
[2019-04-14T23:31:12.682-0100][gc,phases     ] GC(26)   Post Evacuate Collection Set: 0,5ms
[2019-04-14T23:31:12.682-0100][gc,phases     ] GC(26)   Other: 1,3ms
[2019-04-14T23:31:12.682-0100][gc,heap       ] GC(26) Eden regions: 47->0(47)
[2019-04-14T23:31:12.682-0100][gc,heap       ] GC(26) Survivor regions: 4->4(7)
[2019-04-14T23:31:12.682-0100][gc,heap       ] GC(26) Old regions: 11->11
[2019-04-14T23:31:12.682-0100][gc,heap       ] GC(26) Humongous regions: 130->130
[2019-04-14T23:31:12.682-0100][gc,metaspace  ] GC(26) Metaspace: 38349K->38349K(1083392K)
[2019-04-14T23:31:12.682-0100][gc            ] GC(26) Pause Young (Normal) (G1 Evacuation Pause) 190M->143M(1024M) 30,096ms
[2019-04-14T23:31:12.683-0100][gc,cpu        ] GC(26) User=0,03s Sys=0,04s Real=0,03s
[2019-04-14T23:34:07.897-0100][gc,start      ] GC(27) Pause Young (Normal) (G1 Evacuation Pause)
[2019-04-14T23:34:07.905-0100][gc,task       ] GC(27) Using 4 workers of 4 for evacuation
[2019-04-14T23:34:07.948-0100][gc,mmu        ] GC(27) MMU target violated: 21,0ms (20,0ms/21,0ms)
[2019-04-14T23:34:07.948-0100][gc,phases     ] GC(27)   Pre Evacuate Collection Set: 6,8ms
[2019-04-14T23:34:07.948-0100][gc,phases     ] GC(27)   Evacuate Collection Set: 34,2ms
[2019-04-14T23:34:07.948-0100][gc,phases     ] GC(27)   Post Evacuate Collection Set: 0,4ms
[2019-04-14T23:34:07.948-0100][gc,phases     ] GC(27)   Other: 9,5ms
[2019-04-14T23:34:07.948-0100][gc,heap       ] GC(27) Eden regions: 47->0(47)
[2019-04-14T23:34:07.948-0100][gc,heap       ] GC(27) Survivor regions: 4->4(7)
[2019-04-14T23:34:07.948-0100][gc,heap       ] GC(27) Old regions: 11->11
[2019-04-14T23:34:07.948-0100][gc,heap       ] GC(27) Humongous regions: 130->130
[2019-04-14T23:34:07.948-0100][gc,metaspace  ] GC(27) Metaspace: 38353K->38353K(1083392K)
[2019-04-14T23:34:07.948-0100][gc            ] GC(27) Pause Young (Normal) (G1 Evacuation Pause) 190M->143M(1024M) 51,140ms
[2019-04-14T23:34:07.948-0100][gc,cpu        ] GC(27) User=0,03s Sys=0,03s Real=0,05s
