[2019-04-14T15:33:29.206-0100][gc,heap] Heap region size: 1M
[2019-04-14T15:33:29.231-0100][gc     ] Using G1
[2019-04-14T15:33:29.231-0100][gc,heap,coops] Heap address: 0x00000007c0000000, size: 1024 MB, Compressed Oops mode: Zero based, Oop shift amount: 3
[2019-04-14T15:33:32.720-0100][gc,start     ] GC(0) Pause Young (Concurrent Start) (Metadata GC Threshold)
[2019-04-14T15:33:32.721-0100][gc,task      ] GC(0) Using 4 workers of 4 for evacuation
[2019-04-14T15:33:32.738-0100][gc,phases    ] GC(0)   Pre Evacuate Collection Set: 0,0ms
[2019-04-14T15:33:32.738-0100][gc,phases    ] GC(0)   Evacuate Collection Set: 13,5ms
[2019-04-14T15:33:32.738-0100][gc,phases    ] GC(0)   Post Evacuate Collection Set: 0,6ms
[2019-04-14T15:33:32.738-0100][gc,phases    ] GC(0)   Other: 3,6ms
[2019-04-14T15:33:32.738-0100][gc,heap      ] GC(0) Eden regions: 42->0(45)
[2019-04-14T15:33:32.738-0100][gc,heap      ] GC(0) Survivor regions: 0->6(7)
[2019-04-14T15:33:32.738-0100][gc,heap      ] GC(0) Old regions: 0->0
[2019-04-14T15:33:32.738-0100][gc,heap      ] GC(0) Humongous regions: 1->1
[2019-04-14T15:33:32.738-0100][gc,metaspace ] GC(0) Metaspace: 20550K->20550K(1069056K)
[2019-04-14T15:33:32.738-0100][gc           ] GC(0) Pause Young (Concurrent Start) (Metadata GC Threshold) 42M->6M(1024M) 17,842ms
[2019-04-14T15:33:32.738-0100][gc,cpu       ] GC(0) User=0,03s Sys=0,00s Real=0,01s
[2019-04-14T15:33:32.738-0100][gc           ] GC(1) Concurrent Cycle
[2019-04-14T15:33:32.738-0100][gc,marking   ] GC(1) Concurrent Clear Claimed Marks
[2019-04-14T15:33:32.738-0100][gc,marking   ] GC(1) Concurrent Clear Claimed Marks 0,054ms
[2019-04-14T15:33:32.738-0100][gc,marking   ] GC(1) Concurrent Scan Root Regions
[2019-04-14T15:33:32.744-0100][gc,marking   ] GC(1) Concurrent Scan Root Regions 5,452ms
[2019-04-14T15:33:32.744-0100][gc,marking   ] GC(1) Concurrent Mark (3,558s)
[2019-04-14T15:33:32.744-0100][gc,marking   ] GC(1) Concurrent Mark From Roots
[2019-04-14T15:33:32.744-0100][gc,task      ] GC(1) Using 1 workers of 1 for marking
[2019-04-14T15:33:32.744-0100][gc,marking   ] GC(1) Concurrent Mark From Roots 0,241ms
[2019-04-14T15:33:32.744-0100][gc,marking   ] GC(1) Concurrent Preclean
[2019-04-14T15:33:32.744-0100][gc,marking   ] GC(1) Concurrent Preclean 0,039ms
[2019-04-14T15:33:32.744-0100][gc,marking   ] GC(1) Concurrent Mark (3,558s, 3,559s) 0,370ms
[2019-04-14T15:33:32.745-0100][gc,start     ] GC(1) Pause Remark
[2019-04-14T15:33:32.750-0100][gc,stringtable] GC(1) Cleaned string and symbol table, strings: 7938 processed, 0 removed, symbols: 64902 processed, 38 removed
[2019-04-14T15:33:32.750-0100][gc            ] GC(1) Pause Remark 7M->7M(1024M) 4,953ms
[2019-04-14T15:33:32.750-0100][gc,cpu        ] GC(1) User=0,01s Sys=0,00s Real=0,01s
[2019-04-14T15:33:32.750-0100][gc,marking    ] GC(1) Concurrent Rebuild Remembered Sets
[2019-04-14T15:33:32.750-0100][gc,marking    ] GC(1) Concurrent Rebuild Remembered Sets 0,102ms
[2019-04-14T15:33:32.750-0100][gc,start      ] GC(1) Pause Cleanup
[2019-04-14T15:33:32.750-0100][gc            ] GC(1) Pause Cleanup 7M->7M(1024M) 0,165ms
[2019-04-14T15:33:32.750-0100][gc,cpu        ] GC(1) User=0,00s Sys=0,00s Real=0,00s
[2019-04-14T15:33:32.750-0100][gc,marking    ] GC(1) Concurrent Cleanup for Next Mark
[2019-04-14T15:33:32.766-0100][gc,marking    ] GC(1) Concurrent Cleanup for Next Mark 15,751ms
[2019-04-14T15:33:32.766-0100][gc            ] GC(1) Concurrent Cycle 28,322ms
[2019-04-14T15:33:34.506-0100][gc,start      ] GC(2) Pause Young (Normal) (G1 Evacuation Pause)
[2019-04-14T15:33:34.506-0100][gc,task       ] GC(2) Using 4 workers of 4 for evacuation
[2019-04-14T15:33:34.530-0100][gc,mmu        ] GC(2) MMU target violated: 21,0ms (20,0ms/21,0ms)
[2019-04-14T15:33:34.530-0100][gc,phases     ] GC(2)   Pre Evacuate Collection Set: 0,0ms
[2019-04-14T15:33:34.530-0100][gc,phases     ] GC(2)   Evacuate Collection Set: 22,3ms
[2019-04-14T15:33:34.530-0100][gc,phases     ] GC(2)   Post Evacuate Collection Set: 0,6ms
[2019-04-14T15:33:34.530-0100][gc,phases     ] GC(2)   Other: 0,3ms
[2019-04-14T15:33:34.530-0100][gc,heap       ] GC(2) Eden regions: 45->0(47)
[2019-04-14T15:33:34.530-0100][gc,heap       ] GC(2) Survivor regions: 6->4(7)
[2019-04-14T15:33:34.530-0100][gc,heap       ] GC(2) Old regions: 0->6
[2019-04-14T15:33:34.530-0100][gc,heap       ] GC(2) Humongous regions: 130->130
[2019-04-14T15:33:34.530-0100][gc,metaspace  ] GC(2) Metaspace: 30007K->30007K(1077248K)
[2019-04-14T15:33:34.530-0100][gc            ] GC(2) Pause Young (Normal) (G1 Evacuation Pause) 180M->139M(1024M) 23,467ms
[2019-04-14T15:33:34.530-0100][gc,cpu        ] GC(2) User=0,05s Sys=0,03s Real=0,03s
[2019-04-14T15:44:00.051-0100][gc,heap,exit  ] Heap
[2019-04-14T15:44:00.051-0100][gc,heap,exit  ]  garbage-first heap   total 1048576K, used 183344K [0x00000007c0000000, 0x0000000800000000)
[2019-04-14T15:44:00.051-0100][gc,heap,exit  ]   region size 1024K, 46 young (47104K), 4 survivors (4096K)
[2019-04-14T15:44:00.051-0100][gc,heap,exit  ]  Metaspace       used 34371K, capacity 34889K, committed 35504K, reserved 1081344K
[2019-04-14T15:44:00.051-0100][gc,heap,exit  ]   class space    used 4388K, capacity 4553K, committed 4608K, reserved 1048576K
