[2019-02-26T23:56:04.640-0100][gc,heap] Heap region size: 1M
[2019-02-26T23:56:04.656-0100][gc     ] Using G1
[2019-02-26T23:56:04.656-0100][gc,heap,coops] Heap address: 0x00000007c0000000, size: 1024 MB, Compressed Oops mode: Zero based, Oop shift amount: 3
[2019-02-26T23:56:07.020-0100][gc,start     ] GC(0) Pause Young (Concurrent Start) (Metadata GC Threshold)
[2019-02-26T23:56:07.031-0100][gc,task      ] GC(0) Using 4 workers of 4 for evacuation
[2019-02-26T23:56:07.064-0100][gc,mmu       ] GC(0) MMU target violated: 21,0ms (20,0ms/21,0ms)
[2019-02-26T23:56:07.065-0100][gc,phases    ] GC(0)   Pre Evacuate Collection Set: 0,1ms
[2019-02-26T23:56:07.065-0100][gc,phases    ] GC(0)   Evacuate Collection Set: 26,9ms
[2019-02-26T23:56:07.065-0100][gc,phases    ] GC(0)   Post Evacuate Collection Set: 1,3ms
[2019-02-26T23:56:07.065-0100][gc,phases    ] GC(0)   Other: 16,2ms
[2019-02-26T23:56:07.065-0100][gc,heap      ] GC(0) Eden regions: 42->0(45)
[2019-02-26T23:56:07.066-0100][gc,heap      ] GC(0) Survivor regions: 0->6(7)
[2019-02-26T23:56:07.066-0100][gc,heap      ] GC(0) Old regions: 0->0
[2019-02-26T23:56:07.066-0100][gc,heap      ] GC(0) Humongous regions: 1->1
[2019-02-26T23:56:07.066-0100][gc,metaspace ] GC(0) Metaspace: 20578K->20578K(1069056K)
[2019-02-26T23:56:07.066-0100][gc           ] GC(0) Pause Young (Concurrent Start) (Metadata GC Threshold) 42M->6M(1024M) 45,228ms
[2019-02-26T23:56:07.066-0100][gc,cpu       ] GC(0) User=0,03s Sys=0,03s Real=0,04s
[2019-02-26T23:56:07.066-0100][gc           ] GC(1) Concurrent Cycle
[2019-02-26T23:56:07.066-0100][gc,marking   ] GC(1) Concurrent Clear Claimed Marks
[2019-02-26T23:56:07.066-0100][gc,marking   ] GC(1) Concurrent Clear Claimed Marks 0,072ms
[2019-02-26T23:56:07.066-0100][gc,marking   ] GC(1) Concurrent Scan Root Regions
[2019-02-26T23:56:07.074-0100][gc,marking   ] GC(1) Concurrent Scan Root Regions 7,564ms
[2019-02-26T23:56:07.074-0100][gc,marking   ] GC(1) Concurrent Mark (2,446s)
[2019-02-26T23:56:07.074-0100][gc,marking   ] GC(1) Concurrent Mark From Roots
[2019-02-26T23:56:07.074-0100][gc,task      ] GC(1) Using 1 workers of 1 for marking
[2019-02-26T23:56:07.075-0100][gc,marking   ] GC(1) Concurrent Mark From Roots 0,541ms
[2019-02-26T23:56:07.075-0100][gc,marking   ] GC(1) Concurrent Preclean
[2019-02-26T23:56:07.075-0100][gc,marking   ] GC(1) Concurrent Preclean 0,063ms
[2019-02-26T23:56:07.075-0100][gc,marking   ] GC(1) Concurrent Mark (2,446s, 2,446s) 0,752ms
[2019-02-26T23:56:07.075-0100][gc,start     ] GC(1) Pause Remark
[2019-02-26T23:56:07.079-0100][gc,stringtable] GC(1) Cleaned string and symbol table, strings: 7927 processed, 0 removed, symbols: 64941 processed, 38 removed
[2019-02-26T23:56:07.080-0100][gc            ] GC(1) Pause Remark 7M->7M(1024M) 4,655ms
[2019-02-26T23:56:07.080-0100][gc,cpu        ] GC(1) User=0,01s Sys=0,00s Real=0,01s
[2019-02-26T23:56:07.080-0100][gc,marking    ] GC(1) Concurrent Rebuild Remembered Sets
[2019-02-26T23:56:07.080-0100][gc,marking    ] GC(1) Concurrent Rebuild Remembered Sets 0,699ms
[2019-02-26T23:56:07.082-0100][gc,start      ] GC(1) Pause Cleanup
[2019-02-26T23:56:07.082-0100][gc            ] GC(1) Pause Cleanup 7M->7M(1024M) 0,278ms
[2019-02-26T23:56:07.082-0100][gc,cpu        ] GC(1) User=0,00s Sys=0,00s Real=0,00s
[2019-02-26T23:56:07.082-0100][gc,marking    ] GC(1) Concurrent Cleanup for Next Mark
[2019-02-26T23:56:07.101-0100][gc,marking    ] GC(1) Concurrent Cleanup for Next Mark 18,307ms
[2019-02-26T23:56:07.101-0100][gc            ] GC(1) Concurrent Cycle 35,061ms
[2019-02-26T23:56:09.062-0100][gc,start      ] GC(2) Pause Young (Normal) (G1 Evacuation Pause)
[2019-02-26T23:56:09.062-0100][gc,task       ] GC(2) Using 4 workers of 4 for evacuation
[2019-02-26T23:56:09.099-0100][gc,mmu        ] GC(2) MMU target violated: 21,0ms (20,0ms/21,0ms)
[2019-02-26T23:56:09.099-0100][gc,phases     ] GC(2)   Pre Evacuate Collection Set: 0,0ms
[2019-02-26T23:56:09.099-0100][gc,phases     ] GC(2)   Evacuate Collection Set: 35,8ms
[2019-02-26T23:56:09.099-0100][gc,phases     ] GC(2)   Post Evacuate Collection Set: 0,8ms
[2019-02-26T23:56:09.099-0100][gc,phases     ] GC(2)   Other: 0,4ms
[2019-02-26T23:56:09.099-0100][gc,heap       ] GC(2) Eden regions: 45->0(47)
[2019-02-26T23:56:09.099-0100][gc,heap       ] GC(2) Survivor regions: 6->4(7)
[2019-02-26T23:56:09.099-0100][gc,heap       ] GC(2) Old regions: 0->6
[2019-02-26T23:56:09.099-0100][gc,heap       ] GC(2) Humongous regions: 130->130
[2019-02-26T23:56:09.099-0100][gc,metaspace  ] GC(2) Metaspace: 30131K->30131K(1077248K)
[2019-02-26T23:56:09.099-0100][gc            ] GC(2) Pause Young (Normal) (G1 Evacuation Pause) 180M->139M(1024M) 37,195ms
[2019-02-26T23:56:09.099-0100][gc,cpu        ] GC(2) User=0,06s Sys=0,03s Real=0,03s
[2019-02-27T09:42:50.786-0100][gc,start      ] GC(3) Pause Young (Normal) (G1 Evacuation Pause)
[2019-02-27T09:42:50.787-0100][gc,task       ] GC(3) Using 4 workers of 4 for evacuation
[2019-02-27T09:42:50.907-0100][gc,mmu        ] GC(3) MMU target violated: 21,0ms (20,0ms/21,0ms)
[2019-02-27T09:42:50.907-0100][gc,phases     ] GC(3)   Pre Evacuate Collection Set: 3,4ms
[2019-02-27T09:42:50.907-0100][gc,phases     ] GC(3)   Evacuate Collection Set: 114,2ms
[2019-02-27T09:42:50.907-0100][gc,phases     ] GC(3)   Post Evacuate Collection Set: 0,8ms
[2019-02-27T09:42:50.907-0100][gc,phases     ] GC(3)   Other: 2,7ms
[2019-02-27T09:42:50.907-0100][gc,heap       ] GC(3) Eden regions: 47->0(47)
[2019-02-27T09:42:50.907-0100][gc,heap       ] GC(3) Survivor regions: 4->4(7)
[2019-02-27T09:42:50.907-0100][gc,heap       ] GC(3) Old regions: 6->6
[2019-02-27T09:42:50.907-0100][gc,heap       ] GC(3) Humongous regions: 130->130
[2019-02-27T09:42:50.907-0100][gc,metaspace  ] GC(3) Metaspace: 32668K->32668K(1079296K)
[2019-02-27T09:42:50.907-0100][gc            ] GC(3) Pause Young (Normal) (G1 Evacuation Pause) 186M->139M(1024M) 121,252ms
[2019-02-27T09:42:50.907-0100][gc,cpu        ] GC(3) User=0,05s Sys=0,08s Real=0,12s
[2019-02-27T09:44:57.802-0100][gc,start      ] GC(4) Pause Young (Normal) (G1 Evacuation Pause)
[2019-02-27T09:44:57.806-0100][gc,task       ] GC(4) Using 4 workers of 4 for evacuation
[2019-02-27T09:44:57.844-0100][gc,mmu        ] GC(4) MMU target violated: 21,0ms (20,0ms/21,0ms)
[2019-02-27T09:44:57.845-0100][gc,phases     ] GC(4)   Pre Evacuate Collection Set: 4,5ms
[2019-02-27T09:44:57.845-0100][gc,phases     ] GC(4)   Evacuate Collection Set: 26,6ms
[2019-02-27T09:44:57.845-0100][gc,phases     ] GC(4)   Post Evacuate Collection Set: 3,1ms
[2019-02-27T09:44:57.845-0100][gc,phases     ] GC(4)   Other: 10,3ms
[2019-02-27T09:44:57.846-0100][gc,heap       ] GC(4) Eden regions: 47->0(47)
[2019-02-27T09:44:57.846-0100][gc,heap       ] GC(4) Survivor regions: 4->4(7)
[2019-02-27T09:44:57.846-0100][gc,heap       ] GC(4) Old regions: 6->6
[2019-02-27T09:44:57.846-0100][gc,heap       ] GC(4) Humongous regions: 130->130
[2019-02-27T09:44:57.846-0100][gc,metaspace  ] GC(4) Metaspace: 32753K->32753K(1079296K)
[2019-02-27T09:44:57.846-0100][gc            ] GC(4) Pause Young (Normal) (G1 Evacuation Pause) 186M->139M(1024M) 44,323ms
[2019-02-27T09:44:57.846-0100][gc,cpu        ] GC(4) User=0,03s Sys=0,06s Real=0,04s
[2019-02-27T09:47:08.761-0100][gc,start      ] GC(5) Pause Young (Normal) (G1 Evacuation Pause)
[2019-02-27T09:47:08.765-0100][gc,task       ] GC(5) Using 4 workers of 4 for evacuation
[2019-02-27T09:47:08.804-0100][gc,mmu        ] GC(5) MMU target violated: 21,0ms (20,0ms/21,0ms)
[2019-02-27T09:47:08.805-0100][gc,phases     ] GC(5)   Pre Evacuate Collection Set: 4,6ms
[2019-02-27T09:47:08.805-0100][gc,phases     ] GC(5)   Evacuate Collection Set: 28,8ms
[2019-02-27T09:47:08.806-0100][gc,phases     ] GC(5)   Post Evacuate Collection Set: 2,2ms
[2019-02-27T09:47:08.806-0100][gc,phases     ] GC(5)   Other: 11,1ms
[2019-02-27T09:47:08.806-0100][gc,heap       ] GC(5) Eden regions: 47->0(47)
[2019-02-27T09:47:08.806-0100][gc,heap       ] GC(5) Survivor regions: 4->4(7)
[2019-02-27T09:47:08.806-0100][gc,heap       ] GC(5) Old regions: 6->6
[2019-02-27T09:47:08.806-0100][gc,heap       ] GC(5) Humongous regions: 130->130
[2019-02-27T09:47:08.806-0100][gc,metaspace  ] GC(5) Metaspace: 32759K->32759K(1079296K)
[2019-02-27T09:47:08.806-0100][gc            ] GC(5) Pause Young (Normal) (G1 Evacuation Pause) 186M->139M(1024M) 46,352ms
[2019-02-27T09:47:08.807-0100][gc,cpu        ] GC(5) User=0,04s Sys=0,07s Real=0,04s
