[2019-04-14T15:16:01.837-0100][gc,heap] Heap region size: 1M
[2019-04-14T15:16:01.854-0100][gc     ] Using G1
[2019-04-14T15:16:01.854-0100][gc,heap,coops] Heap address: 0x00000007c0000000, size: 1024 MB, Compressed Oops mode: Zero based, Oop shift amount: 3
[2019-04-14T15:16:03.670-0100][gc,start     ] GC(0) Pause Young (Concurrent Start) (Metadata GC Threshold)
[2019-04-14T15:16:03.672-0100][gc,task      ] GC(0) Using 4 workers of 4 for evacuation
[2019-04-14T15:16:03.685-0100][gc,phases    ] GC(0)   Pre Evacuate Collection Set: 0,0ms
[2019-04-14T15:16:03.685-0100][gc,phases    ] GC(0)   Evacuate Collection Set: 12,5ms
[2019-04-14T15:16:03.685-0100][gc,phases    ] GC(0)   Post Evacuate Collection Set: 0,6ms
[2019-04-14T15:16:03.685-0100][gc,phases    ] GC(0)   Other: 2,3ms
[2019-04-14T15:16:03.685-0100][gc,heap      ] GC(0) Eden regions: 43->0(45)
[2019-04-14T15:16:03.686-0100][gc,heap      ] GC(0) Survivor regions: 0->6(7)
[2019-04-14T15:16:03.686-0100][gc,heap      ] GC(0) Old regions: 0->0
[2019-04-14T15:16:03.686-0100][gc,heap      ] GC(0) Humongous regions: 1->1
[2019-04-14T15:16:03.686-0100][gc,metaspace ] GC(0) Metaspace: 20621K->20621K(1069056K)
[2019-04-14T15:16:03.686-0100][gc           ] GC(0) Pause Young (Concurrent Start) (Metadata GC Threshold) 43M->6M(1024M) 15,624ms
[2019-04-14T15:16:03.686-0100][gc,cpu       ] GC(0) User=0,02s Sys=0,01s Real=0,01s
[2019-04-14T15:16:03.686-0100][gc           ] GC(1) Concurrent Cycle
[2019-04-14T15:16:03.686-0100][gc,marking   ] GC(1) Concurrent Clear Claimed Marks
[2019-04-14T15:16:03.686-0100][gc,marking   ] GC(1) Concurrent Clear Claimed Marks 0,045ms
[2019-04-14T15:16:03.686-0100][gc,marking   ] GC(1) Concurrent Scan Root Regions
[2019-04-14T15:16:03.690-0100][gc,marking   ] GC(1) Concurrent Scan Root Regions 4,145ms
[2019-04-14T15:16:03.690-0100][gc,marking   ] GC(1) Concurrent Mark (1,876s)
[2019-04-14T15:16:03.690-0100][gc,marking   ] GC(1) Concurrent Mark From Roots
[2019-04-14T15:16:03.690-0100][gc,task      ] GC(1) Using 1 workers of 1 for marking
[2019-04-14T15:16:03.690-0100][gc,marking   ] GC(1) Concurrent Mark From Roots 0,240ms
[2019-04-14T15:16:03.690-0100][gc,marking   ] GC(1) Concurrent Preclean
[2019-04-14T15:16:03.690-0100][gc,marking   ] GC(1) Concurrent Preclean 0,034ms
[2019-04-14T15:16:03.690-0100][gc,marking   ] GC(1) Concurrent Mark (1,876s, 1,877s) 0,338ms
[2019-04-14T15:16:03.691-0100][gc,start     ] GC(1) Pause Remark
[2019-04-14T15:16:03.694-0100][gc,stringtable] GC(1) Cleaned string and symbol table, strings: 7948 processed, 0 removed, symbols: 65354 processed, 38 removed
[2019-04-14T15:16:03.694-0100][gc            ] GC(1) Pause Remark 7M->7M(1024M) 3,091ms
[2019-04-14T15:16:03.694-0100][gc,cpu        ] GC(1) User=0,01s Sys=0,00s Real=0,00s
[2019-04-14T15:16:03.694-0100][gc,marking    ] GC(1) Concurrent Rebuild Remembered Sets
[2019-04-14T15:16:03.694-0100][gc,marking    ] GC(1) Concurrent Rebuild Remembered Sets 0,153ms
[2019-04-14T15:16:03.695-0100][gc,start      ] GC(1) Pause Cleanup
[2019-04-14T15:16:03.695-0100][gc            ] GC(1) Pause Cleanup 7M->7M(1024M) 0,158ms
[2019-04-14T15:16:03.695-0100][gc,cpu        ] GC(1) User=0,00s Sys=0,00s Real=0,00s
[2019-04-14T15:16:03.695-0100][gc,marking    ] GC(1) Concurrent Cleanup for Next Mark
[2019-04-14T15:16:03.708-0100][gc,marking    ] GC(1) Concurrent Cleanup for Next Mark 13,319ms
[2019-04-14T15:16:03.708-0100][gc            ] GC(1) Concurrent Cycle 22,483ms
[2019-04-14T15:16:05.407-0100][gc,start      ] GC(2) Pause Young (Normal) (G1 Evacuation Pause)
[2019-04-14T15:16:05.408-0100][gc,task       ] GC(2) Using 4 workers of 4 for evacuation
[2019-04-14T15:16:05.449-0100][gc,mmu        ] GC(2) MMU target violated: 21,0ms (20,0ms/21,0ms)
[2019-04-14T15:16:05.449-0100][gc,phases     ] GC(2)   Pre Evacuate Collection Set: 0,1ms
[2019-04-14T15:16:05.449-0100][gc,phases     ] GC(2)   Evacuate Collection Set: 39,7ms
[2019-04-14T15:16:05.449-0100][gc,phases     ] GC(2)   Post Evacuate Collection Set: 0,6ms
[2019-04-14T15:16:05.449-0100][gc,phases     ] GC(2)   Other: 1,6ms
[2019-04-14T15:16:05.449-0100][gc,heap       ] GC(2) Eden regions: 45->0(47)
[2019-04-14T15:16:05.449-0100][gc,heap       ] GC(2) Survivor regions: 6->4(7)
[2019-04-14T15:16:05.449-0100][gc,heap       ] GC(2) Old regions: 0->6
[2019-04-14T15:16:05.449-0100][gc,heap       ] GC(2) Humongous regions: 130->130
[2019-04-14T15:16:05.449-0100][gc,metaspace  ] GC(2) Metaspace: 29834K->29834K(1077248K)
[2019-04-14T15:16:05.449-0100][gc            ] GC(2) Pause Young (Normal) (G1 Evacuation Pause) 180M->139M(1024M) 42,165ms
[2019-04-14T15:16:05.449-0100][gc,cpu        ] GC(2) User=0,06s Sys=0,04s Real=0,04s
[2019-04-14T15:18:46.588-0100][gc,heap,exit  ] Heap
[2019-04-14T15:18:46.589-0100][gc,heap,exit  ]  garbage-first heap   total 1048576K, used 172042K [0x00000007c0000000, 0x0000000800000000)
[2019-04-14T15:18:46.589-0100][gc,heap,exit  ]   region size 1024K, 34 young (34816K), 4 survivors (4096K)
[2019-04-14T15:18:46.589-0100][gc,heap,exit  ]  Metaspace       used 33998K, capacity 34473K, committed 34992K, reserved 1079296K
[2019-04-14T15:18:46.589-0100][gc,heap,exit  ]   class space    used 4357K, capacity 4521K, committed 4608K, reserved 1048576K
