[2019-02-26T23:53:47.913-0100][gc,heap] Heap region size: 1M
[2019-02-26T23:53:47.922-0100][gc     ] Using G1
[2019-02-26T23:53:47.922-0100][gc,heap,coops] Heap address: 0x00000007e0000000, size: 512 MB, Compressed Oops mode: Zero based, Oop shift amount: 3
[2019-02-27T07:15:05.606-0100][gc,start     ] GC(0) Pause Young (Normal) (G1 Evacuation Pause)
[2019-02-27T07:15:05.618-0100][gc,task      ] GC(0) Using 4 workers of 4 for evacuation
[2019-02-27T07:15:05.709-0100][gc,mmu       ] GC(0) MMU target violated: 21,0ms (20,0ms/21,0ms)
[2019-02-27T07:15:05.709-0100][gc,phases    ] GC(0)   Pre Evacuate Collection Set: 8,4ms
[2019-02-27T07:15:05.709-0100][gc,phases    ] GC(0)   Evacuate Collection Set: 79,1ms
[2019-02-27T07:15:05.709-0100][gc,phases    ] GC(0)   Post Evacuate Collection Set: 1,1ms
[2019-02-27T07:15:05.709-0100][gc,phases    ] GC(0)   Other: 15,0ms
[2019-02-27T07:15:05.709-0100][gc,heap      ] GC(0) Eden regions: 25->0(21)
[2019-02-27T07:15:05.709-0100][gc,heap      ] GC(0) Survivor regions: 0->4(4)
[2019-02-27T07:15:05.709-0100][gc,heap      ] GC(0) Old regions: 0->2
[2019-02-27T07:15:05.709-0100][gc,heap      ] GC(0) Humongous regions: 1->1
[2019-02-27T07:15:05.709-0100][gc,metaspace ] GC(0) Metaspace: 15163K->15163K(1062912K)
[2019-02-27T07:15:05.709-0100][gc           ] GC(0) Pause Young (Normal) (G1 Evacuation Pause) 26M->6M(512M) 103,346ms
[2019-02-27T07:15:05.709-0100][gc,cpu       ] GC(0) User=0,04s Sys=0,11s Real=0,10s
[2019-02-27T09:47:56.177-0100][gc,heap,exit ] Heap
[2019-02-27T09:47:56.177-0100][gc,heap,exit ]  garbage-first heap   total 524288K, used 7513K [0x00000007e0000000, 0x0000000800000000)
[2019-02-27T09:47:56.177-0100][gc,heap,exit ]   region size 1024K, 6 young (6144K), 4 survivors (4096K)
[2019-02-27T09:47:56.177-0100][gc,heap,exit ]  Metaspace       used 15210K, capacity 15603K, committed 15872K, reserved 1062912K
[2019-02-27T09:47:56.178-0100][gc,heap,exit ]   class space    used 1521K, capacity 1666K, committed 1792K, reserved 1048576K
